// Jest Snapshot v1, https://goo.gl/fbAQLP

exports[`# Article meta component should match snapshot 1`] = `
<div class="article-meta">
  <a href="/@Brenda Taylor">
    <img src="http://dummyimage.com/234x60" />
  </a>
  <div class="info">
    <a href="/@Brenda Taylor" class="author">Brenda Taylor</a>
    <span class="date">September 29</span>
  </div>
  <button class="btn btn-sm btn-outline-secondary">
    <i class="ion-plus-round"></i>Follow Brenda Taylor</button>  
  <button class="btn btn-sm btn-outline-primary">
    <i class="ion-heart"></i>  Favorite Post
    <span class="counter">(34)</span>
  </button>
</div>
`;
