// Jest Snapshot v1, https://goo.gl/fbAQLP

exports[`matches snapshot 1`] = `
<DocumentFragment>
  <div
    class="sidebar"
  >
    <p>
      Popular Tags
    </p>
    <div
      class="tag-list"
    >
      <a
        class="tag-pill tag-default"
        href="#"
      >
        foo
      </a>
      <a
        class="tag-pill tag-default"
        href="#"
      >
        bar
      </a>
      <a
        class="tag-pill tag-default"
        href="#"
      >
        baz
      </a>
    </div>
  </div>
</DocumentFragment>
`;
